Loading environment from: F:\survey_fs\backend\.env
Connecting as: survey_user@localhost/survey_fs


ÔòöÔòÉÔòÉÔòÉÔòÉÔòÉÔòÉÔòÉÔòÉÔòÉÔòÉÔòÉÔòÉÔòÉÔòÉÔòÉÔòÉÔòÉÔòÉÔòÉÔòÉÔòÉÔòÉÔòÉÔòÉÔòÉÔòÉÔòÉÔòÉÔòÉÔòÉÔòÉÔòÉÔòÉÔòÉÔòÉÔòÉÔòÉÔòÉÔòÉÔòÉÔòù
Ôòæ   Phase 2 Concurrency Test Suite      Ôòæ
ÔòÜÔòÉÔòÉÔòÉÔòÉÔòÉÔòÉÔòÉÔòÉÔòÉÔòÉÔòÉÔòÉÔòÉÔòÉÔòÉÔòÉÔòÉÔòÉÔòÉÔòÉÔòÉÔòÉÔòÉÔòÉÔòÉÔòÉÔòÉÔòÉÔòÉÔòÉÔòÉÔòÉÔòÉÔòÉÔòÉÔòÉÔòÉÔòÉÔòÉÔòÉÔòØ


=== Setting up test data ===

Ô£ô Created test user: test-admin
Ô£ô Created survey: test-survey-001
Ô£ô Created option: test-option-001
Ô£ô Set capacity: 5

=== Test 1: Concurrent Hold Creation ===

Launching 10 concurrent hold requests...
Expected: Only 5 should succeed

node : Hold creation failed for test-user-0: Field 'release_id' doesn't have a default value
At line:1 char:1
+ node backend/src/tests/concurrencyTest.js 2>&1 | Out-File -FilePath t ...
+ ~~~~~~~~~~~~~~~~~~~~~~~~~~~~~~~~~~~~~~~~~~~~~~
    + CategoryInfo          : NotSpecified: (Hold creation f...a default value:String) [], RemoteException
    + FullyQualifiedErrorId : NativeCommandError
 
Hold creation failed for test-user-1: Field 'release_id' doesn't have a default value
Hold creation failed for test-user-2: Field 'release_id' doesn't have a default value
Hold creation failed for test-user-6: Field 'release_id' doesn't have a default value
Hold creation failed for test-user-8: Field 'release_id' doesn't have a default value
Hold creation failed for test-user-9: Field 'release_id' doesn't have a default value
Hold creation failed for test-user-3: Field 'release_id' doesn't have a default value
Hold creation failed for test-user-4: Field 'release_id' doesn't have a default value
Hold creation failed for test-user-5: Field 'release_id' doesn't have a default value
Hold creation failed for test-user-7: Field 'release_id' doesn't have a default value
Results:
  Successful holds: 0
  Failed holds: 10
  Errors: 0

Capacity state:
  Reserved: 0
  Filled: 0

ÔØî Test FAILED: Overselling or incorrect capacity!

=== Test 2: Negative Counter Prevention ===

Final reserved_count: 0

Ô£à Test PASSED: Counter never went negative!


=== Cleaning up test data ===

Ô£ô Cleanup complete

ÔòöÔòÉÔòÉÔòÉÔòÉÔòÉÔòÉÔòÉÔòÉÔòÉÔòÉÔòÉÔòÉÔòÉÔòÉÔòÉÔòÉÔòÉÔòÉÔòÉÔòÉÔòÉÔòÉÔòÉÔòÉÔòÉÔòÉÔòÉÔòÉÔòÉÔòÉÔòÉÔòÉÔòÉÔòÉÔòÉÔòÉÔòÉÔòÉÔòÉÔòÉÔòù
Ôòæ           Test Summary                 Ôòæ
ÔòÜÔòÉÔòÉÔòÉÔòÉÔòÉÔòÉÔòÉÔòÉÔòÉÔòÉÔòÉÔòÉÔòÉÔòÉÔòÉÔòÉÔòÉÔòÉÔòÉÔòÉÔòÉÔòÉÔòÉÔòÉÔòÉÔòÉÔòÉÔòÉÔòÉÔòÉÔòÉÔòÉÔòÉÔòÉÔòÉÔòÉÔòÉÔòÉÔòÉÔòÉÔòØ

Test 1 (Concurrent Holds): ÔØî FAILED
Test 2 (Negative Counters): Ô£à PASSED

ÔÜá´©Å  Some tests FAILED. Review hardening implementation.

