
ðY§ª Testing Sprint 2: Approvals & Eligibility
0ï¸?âƒ£  Logging in as Admin...

1ï¸?âƒ£  Creating Restricted Survey (Manual Approval)...
âo. Survey created: 3ac15255-6283-4dd0-a5d6-dabb33060c5a

2ï¸?âƒ£  Setting up Student User (CS Dept)...
âo. Student registered: student_cs_639069198476255686@test.com
Debug: Student Token: eyJhbGciOiJIUzI1NiIsInR5cCI6IkpXVCJ9.eyJ1c2VySWQiOiIzYzg4YTQ4Yy0yNDk0LTQ5YjItOTMwNy1jYWI5YzY0NjAxYjYiLCJlbWFpbCI6InN0dWRlbnRfY3NfNjM5MDY5MTk4NDc2MjU1Njg2QHRlc3QuY29tIiwicm9sZSI6IlNUVURFTlQiLCJpYXQiOjE3NzEzMDMyNDcsImV4cCI6MTc3MTMwNDE0N30.xCXC0acTo8t9uGPasTple9TPkuLOJ5Pb9HaBpSLUHvM

3ï¸?âƒ£  Checking Eligibility...
â?O Error checking eligibility: {"error":{"message":"Route GET /api/v1/surveys/3ac15255-6283-4dd0-a5d6-dabb33060c5a/releases/active not found","statusCode":404,"timestamp":"2026-02-17T04:40:47.766Z","path":"/api/v1/surveys/3ac15255-6283-4dd0-a5d6-dabb33060c5a/releases/active","stack":"Error: Route GET /api/v1/surveys/3ac15255-6283-4dd0-a5d6-dabb33060c5a/releases/active not found\n    at notFoundHandler (file:///F:/survey_fs/backend/src/middleware/notFoundHandler.js:4:10)\n    at Layer.handle [as handle_request] (F:\\survey_fs\\backend\\node_modules\\express\\lib\\router\\layer.js:95:5)\n    at trim_prefix (F:\\survey_fs\\backend\\node_modules\\express\\lib\\router\\index.js:328:13)\n    at F:\\survey_fs\\backend\\node_modules\\express\\lib\\router\\index.js:286:9\n    at Function.process_params (F:\\survey_fs\\backend\\node_modules\\express\\lib\\router\\index.js:346:12)\n    at next (F:\\survey_fs\\backend\\node_modules\\express\\lib\\router\\index.js:280:10)\n    at F:\\survey_fs\\backend\\node_modules\\express\\lib\\router\\index.js:646:15\n    at next (F:\\survey_fs\\backend\\node_modules\\express\\lib\\router\\index.js:265:14)\n    at Function.handle (F:\\survey_fs\\backend\\node_modules\\express\\lib\\router\\index.js:175:3)\n    at router (F:\\survey_fs\\backend\\node_modules\\express\\lib\\router\\index.js:47:12)"}}
Response Body: 
